<testsuites id="" name="" tests="1" failures="1" skipped="0" errors="0" time="14.932">
<testsuite name="generate.spec.mjs" timestamp="1641848668527" hostname="" tests="1" failures="1" skipped="0" time="13.85" errors="0">
<testcase name="test" classname="[chromium] › generate.spec.mjs:4:1 › test" time="13.85">
<failure message="generate.spec.mjs:4:1 test" type="FAILURE">
  [chromium] › generate.spec.mjs:4:1 › test ========================================================

    ReferenceError: navigator is not defined

        at file:///home/olex/%D0%94%D0%BE%D0%BA%D1%83%D0%BC%D0%B5%D0%BD%D1%82%D1%8B/Playwright-test/tests/generate.spec.mjs:20:22
        at WorkerRunner._runTestWithBeforeHooks (/home/olex/Документы/Playwright-test/node_modules/@playwright/test/lib/workerRunner.js:499:7)

    attachment #1: trace (application/zip) ---------------------------------------------------------
    test-results/generate-test-chromium/trace.zip
    Usage:

        npx playwright show-trace test-results/generate-test-chromium/trace.zip

    ------------------------------------------------------------------------------------------------

    attachment #2: screenshot (image/png) ----------------------------------------------------------
    test-results/generate-test-chromium/test-failed-1.png
    ------------------------------------------------------------------------------------------------

</failure>
<system-out>

[[ATTACHMENT|../test-results/generate-test-chromium/trace.zip]]

[[ATTACHMENT|../test-results/generate-test-chromium/test-failed-1.png]]

</system-out>
</testcase>
</testsuite>
</testsuites>